// Jest Snapshot v1, https://goo.gl/fbAQLP

exports[`Basic snapshot 1`] = `
.emotion-4 {
  display: -webkit-box;
  display: -webkit-flex;
  display: -ms-flexbox;
  display: flex;
  -webkit-box-pack: center;
  -webkit-justify-content: center;
  -ms-flex-pack: center;
  justify-content: center;
  -webkit-align-items: center;
  -webkit-box-align: center;
  -ms-flex-align: center;
  align-items: center;
  -webkit-flex-direction: column;
  -ms-flex-direction: column;
  flex-direction: column;
  border-width: 2px;
  border-color: #dcdcdc;
  background-color: #ffffff;
  border-style: dashed;
  border-radius: 2px;
  -webkit-flex-shrink: 0;
  -ms-flex-negative: 0;
  flex-shrink: 0;
  font-size: 0.875rem;
  line-height: 1.25rem;
  font-weight: 400;
}

.emotion-2 {
  display: -webkit-box;
  display: -webkit-flex;
  display: -ms-flexbox;
  display: flex;
  -webkit-flex-direction: row;
  -ms-flex-direction: row;
  flex-direction: row;
  -webkit-box-pack: center;
  -webkit-justify-content: center;
  -ms-flex-pack: center;
  justify-content: center;
  -webkit-align-items: center;
  -webkit-box-align: center;
  -ms-flex-align: center;
  align-items: center;
  padding: 1rem 1rem;
  width: 100%;
}

.emotion-0 {
  -webkit-text-decoration: underline;
  text-decoration: underline;
  color: #0530ad;
  cursor: pointer;
}

<body>
  <div>
    <div
      class="emotion-4 emotion-5"
      tabindex="0"
    >
      <div
        class="emotion-2 emotion-3"
      >
        <input
          autocomplete="off"
          data-testid="wfss-file-uploader-input"
          multiple=""
          style="display: none;"
          tabindex="-1"
          type="file"
        />
        <span
          class="emotion-0 emotion-1"
        >
          Drop files to attach, or browse
        </span>
      </div>
    </div>
  </div>
</body>
`;
